fetching git input 'git+file:///data/projects/own/nixos-config-338'
warning: Git tree '/data/projects/own/nixos-config-338' is dirty
warning: input 'flake-parts' has an override for a non-existent input 'nixpkgs'
trace: warning: `programs.ssh` default values will be removed in the future.
Consider setting `programs.ssh.enableDefaultConfig` to false,
and manually set the default values you want to keep at
`programs.ssh.settings."*"`.

warning: The xorg package set has been deprecated, 'xorg.libX11' has been renamed to 'libx11'
warning: The xorg package set has been deprecated, 'xorg.libX11' has been renamed to 'libx11'
warning: The xorg package set has been deprecated, 'xorg.libXcomposite' has been renamed to 'libxcomposite'
warning: The xorg package set has been deprecated, 'xorg.libXdamage' has been renamed to 'libxdamage'
warning: The xorg package set has been deprecated, 'xorg.libXext' has been renamed to 'libxext'
warning: The xorg package set has been deprecated, 'xorg.libXext' has been renamed to 'libxext'
warning: The xorg package set has been deprecated, 'xorg.libXfixes' has been renamed to 'libxfixes'
warning: The xorg package set has been deprecated, 'xorg.libXrandr' has been renamed to 'libxrandr'
warning: The xorg package set has been deprecated, 'xorg.libxcb' has been renamed to 'libxcb'
warning: The xorg package set has been deprecated, 'xorg.libxcb' has been renamed to 'libxcb'
warning: The xorg package set has been deprecated, 'xorg.libxkbfile' has been renamed to 'libxkbfile'
warning: The xorg package set has been deprecated, 'xorg.libXScrnSaver' has been renamed to 'libxscrnsaver'
these 9 derivations will be built:
  /nix/store/2n72zivjcflna40ysmrqlhbh966mv42h-man-paths.drv
  /nix/store/656ql0whnzdzlv8ksgysnlgkby6kj3lf-man-cache.drv
  /nix/store/lc4ab0b4i3z5zablr7yyqxpzdx4haydw-hm_.manpath.drv
  /nix/store/q7fj3aphd6wms2brlkyhaqqzbjw8aixg-nvtop-3.3.2-fish-completions.drv
  /nix/store/yl0rckx5q0zgjkcpa6qin1lmyb97nd5y-j_kro-fish-completions.drv
  /nix/store/8f4nflhlwzj9mi2b83apnjjxb7gfx97w-home-manager-files.drv
  /nix/store/v4v4x70jhn58idjnjpq9rv0ff7rzipgh-home-manager-path.drv
  /nix/store/x1zx1qmm7776m34rfrvc1g3ljnzmbc88-activation-script.drv
  /nix/store/q53cq168w71gx5n06sc67kd4q0a00hff-home-manager-generation.drv
building '/nix/store/v4v4x70jhn58idjnjpq9rv0ff7rzipgh-home-manager-path.drv' on 'ssh-ng://j_kro@sentry'...
building '/nix/store/2n72zivjcflna40ysmrqlhbh966mv42h-man-paths.drv' on 'ssh-ng://j_kro@forge'...
copying 0 paths...
building '/nix/store/2n72zivjcflna40ysmrqlhbh966mv42h-man-paths.drv'...
man-paths> structuredAttrs is enabled
copying 1 paths...
copying path '/nix/store/q3fb5rh1dfxnsvll3v08g09a4mzf0hyn-nvtop-3.3.2' to 'ssh-ng://j_kro@sentry'...
man-paths> created 548 symlinks in user environment
copying 1 paths...
copying path '/nix/store/nclrwzm0rx0dk0gy5fl8xqhylwa12fbw-man-paths' from 'ssh-ng://j_kro@forge'...
building '/nix/store/656ql0whnzdzlv8ksgysnlgkby6kj3lf-man-cache.drv' on 'ssh-ng://j_kro@forge'...
copying 0 paths...
building '/nix/store/656ql0whnzdzlv8ksgysnlgkby6kj3lf-man-cache.drv'...
man-cache> Processing manual pages under /nix/store/nclrwzm0rx0dk0gy5fl8xqhylwa12fbw-man-paths/share/man...
copying 6 paths...
copying path '/nix/store/xz8i5k6iqa304bwm0d64iybm3crkr45k-cuda_nvml_dev-linux-x86_64-12.9.79-archive.tar.xz.drv' to 'ssh-ng://j_kro@sentry'...
copying path '/nix/store/5pz9j2azh9sphl2k4k95x2z241zmp06j-cuda_nvml_dev-12.9.79-source.drv' to 'ssh-ng://j_kro@sentry'...
copying path '/nix/store/m14qdi9mkrlcrfaw9rf3ip1qi07ka81l-cuda12.9-cuda_nvml_dev-12.9.79.drv' to 'ssh-ng://j_kro@sentry'...
copying path '/nix/store/q1fl2g4yqc92bmq40kix9j7gbsk1yccs-source.drv' to 'ssh-ng://j_kro@sentry'...
copying path '/nix/store/lz9fspjhl5jdhflf8f4l0mqzvy0jc1hj-nvtop-3.3.2.drv' to 'ssh-ng://j_kro@sentry'...
copying path '/nix/store/v4v4x70jhn58idjnjpq9rv0ff7rzipgh-home-manager-path.drv' to 'ssh-ng://j_kro@sentry'...
building '/nix/store/v4v4x70jhn58idjnjpq9rv0ff7rzipgh-home-manager-path.drv'...
home-manager-path> structuredAttrs is enabled
home-manager-path> created 1303 symlinks in user environment
man-cache> Updating index cache for path `/nix/store/nclrwzm0rx0dk0gy5fl8xqhylwa12fbw-man-paths/share/man/man1'. Wait.../nix/store/0r02g7d3lf6jskghnny0gbd8pwq2kmr9-man-db-2.13.1/bin/mandb: warning: /nix/store/dfvmv4xsym6d57pzbhkvbza26q7mf9c9-fish-4.8.1/share/man/man1/fish-doc.1.gz: whatis parse for fish-doc(1) failed
man-cache> /nix/store/0r02g7d3lf6jskghnny0gbd8pwq2kmr9-man-db-2.13.1/bin/mandb: warning: /nix/store/dfvmv4xsym6d57pzbhkvbza26q7mf9c9-fish-4.8.1/share/man/man1/fish-completions.1.gz: whatis parse for fish-completions(1) failed
man-cache> /nix/store/0r02g7d3lf6jskghnny0gbd8pwq2kmr9-man-db-2.13.1/bin/mandb: warning: /nix/store/dfvmv4xsym6d57pzbhkvbza26q7mf9c9-fish-4.8.1/share/man/man1/fish-for-bash-users.1.gz: whatis parse for fish-for-bash-users(1) failed
man-cache> /nix/store/0r02g7d3lf6jskghnny0gbd8pwq2kmr9-man-db-2.13.1/bin/mandb: warning: /nix/store/dfvmv4xsym6d57pzbhkvbza26q7mf9c9-fish-4.8.1/share/man/man1/fish-prompt-tutorial.1.gz: whatis parse for fish-prompt-tutorial(1) failed
man-cache> /nix/store/0r02g7d3lf6jskghnny0gbd8pwq2kmr9-man-db-2.13.1/bin/mandb: warning: /nix/store/dfvmv4xsym6d57pzbhkvbza26q7mf9c9-fish-4.8.1/share/man/man1/fish-terminal-compatibility.1.gz: whatis parse for fish-terminal-compatibility(1) failed
man-cache> /nix/store/0r02g7d3lf6jskghnny0gbd8pwq2kmr9-man-db-2.13.1/bin/mandb: warning: /nix/store/dfvmv4xsym6d57pzbhkvbza26q7mf9c9-fish-4.8.1/share/man/man1/fish-interactive.1.gz: whatis parse for fish-interactive(1) failed
man-cache> /nix/store/0r02g7d3lf6jskghnny0gbd8pwq2kmr9-man-db-2.13.1/bin/mandb: warning: /nix/store/dfvmv4xsym6d57pzbhkvbza26q7mf9c9-fish-4.8.1/share/man/man1/fish-tutorial.1.gz: whatis parse for fish-tutorial(1) failed
copying 1 paths...
copying path '/nix/store/wd2jcvk1gxskqcn9l0ryzsv6am2q1gnq-home-manager-path' from 'ssh-ng://j_kro@sentry'...
man-cache> /nix/store/0r02g7d3lf6jskghnny0gbd8pwq2kmr9-man-db-2.13.1/bin/mandb: warning: /nix/store/dfvmv4xsym6d57pzbhkvbza26q7mf9c9-fish-4.8.1/share/man/man1/fish-faq.1.gz: whatis parse for fish-faq(1) failed
man-cache> /nix/store/0r02g7d3lf6jskghnny0gbd8pwq2kmr9-man-db-2.13.1/bin/mandb: warning: /nix/store/dfvmv4xsym6d57pzbhkvbza26q7mf9c9-fish-4.8.1/share/man/man1/fish-language.1.gz: whatis parse for fish-language(1) failed
man-cache> Updating index cache for path `/nix/store/nclrwzm0rx0dk0gy5fl8xqhylwa12fbw-man-paths/share/man/man8'. Wait...done.
man-cache> Processing manual pages under /nix/store/nclrwzm0rx0dk0gy5fl8xqhylwa12fbw-man-paths/share/man/it...
man-cache> Updating index cache for path `/nix/store/nclrwzm0rx0dk0gy5fl8xqhylwa12fbw-man-paths/share/man/it/man8'. Wait...done.
man-cache> 7 man subdirectories contained newer manual pages.
man-cache> 556 manual pages were added.
copying 1 paths...
copying path '/nix/store/2lkchwkbpwki0hs9lhpf1n67ilr54jmj-man-cache' from 'ssh-ng://j_kro@forge'...
building '/nix/store/lc4ab0b4i3z5zablr7yyqxpzdx4haydw-hm_.manpath.drv' on 'ssh-ng://j_kro@forge'...
copying 0 paths...
building '/nix/store/lc4ab0b4i3z5zablr7yyqxpzdx4haydw-hm_.manpath.drv'...
copying 1 paths...
copying path '/nix/store/gnh0r7xwignfwhgcb6bfp446mdawgalj-hm_.manpath' from 'ssh-ng://j_kro@forge'...
building '/nix/store/q7fj3aphd6wms2brlkyhaqqzbjw8aixg-nvtop-3.3.2-fish-completions.drv' on 'ssh-ng://j_kro@nexus'...
copying 0 paths...
building '/nix/store/q7fj3aphd6wms2brlkyhaqqzbjw8aixg-nvtop-3.3.2-fish-completions.drv'...
copying 1 paths...
copying path '/nix/store/cmvjdy5fqmh85jxjds6jj4zipbf5pqnz-nvtop-3.3.2-fish-completions' from 'ssh-ng://j_kro@nexus'...
building '/nix/store/x1zx1qmm7776m34rfrvc1g3ljnzmbc88-activation-script.drv' on 'ssh-ng://j_kro@sentry'...
copying 0 paths...
copying 1 paths...
copying path '/nix/store/x1zx1qmm7776m34rfrvc1g3ljnzmbc88-activation-script.drv' to 'ssh-ng://j_kro@sentry'...
building '/nix/store/yl0rckx5q0zgjkcpa6qin1lmyb97nd5y-j_kro-fish-completions.drv' on 'ssh-ng://j_kro@nexus'...
building '/nix/store/x1zx1qmm7776m34rfrvc1g3ljnzmbc88-activation-script.drv'...
copying 1 paths...
copying path '/nix/store/mngf65qsv25x1zxzdb5c9d5c4xmy5r1m-activation-script' from 'ssh-ng://j_kro@sentry'...
copying 1 paths...
copying path '/nix/store/637p2rjjhny4b43g3dv2mxvy4fa6b80x-gpustat-0.1.5-fish-completions' to 'ssh-ng://j_kro@nexus'...
building '/nix/store/yl0rckx5q0zgjkcpa6qin1lmyb97nd5y-j_kro-fish-completions.drv'...
copying 1 paths...
copying path '/nix/store/f7rhnhbhc24cnq57xg2k6a0phfc595ax-j_kro-fish-completions' from 'ssh-ng://j_kro@nexus'...
building '/nix/store/8f4nflhlwzj9mi2b83apnjjxb7gfx97w-home-manager-files.drv' on 'ssh-ng://j_kro@nexus'...
copying 2 paths...
copying path '/nix/store/2lkchwkbpwki0hs9lhpf1n67ilr54jmj-man-cache' to 'ssh-ng://j_kro@nexus'...
copying path '/nix/store/gnh0r7xwignfwhgcb6bfp446mdawgalj-hm_.manpath' to 'ssh-ng://j_kro@nexus'...
building '/nix/store/8f4nflhlwzj9mi2b83apnjjxb7gfx97w-home-manager-files.drv'...
copying 1 paths...
copying path '/nix/store/mh6hnkd3nwwg0vf9vvp471l4ajrhyvpq-home-manager-files' from 'ssh-ng://j_kro@nexus'...
building '/nix/store/q53cq168w71gx5n06sc67kd4q0a00hff-home-manager-generation.drv' on 'ssh-ng://j_kro@nexus'...
copying path '/nix/store/5r0ariphq2n6ajinvz7qxra86911xn15-gpustat-0.1.5' from 'https://cache.nixos.org'...
copying 2 paths...
copying path '/nix/store/wd2jcvk1gxskqcn9l0ryzsv6am2q1gnq-home-manager-path' to 'ssh-ng://j_kro@nexus'...
copying path '/nix/store/mngf65qsv25x1zxzdb5c9d5c4xmy5r1m-activation-script' to 'ssh-ng://j_kro@nexus'...
building '/nix/store/q53cq168w71gx5n06sc67kd4q0a00hff-home-manager-generation.drv'...
copying 1 paths...
copying path '/nix/store/1z7z4vj5s517w0n65125nhpwsraczb1r-home-manager-generation' from 'ssh-ng://j_kro@nexus'...
warning: Git tree '/data/projects/own/nixos-config-338' is dirty
warning: input 'flake-parts' has an override for a non-existent input 'nixpkgs'
trace: warning: `programs.ssh` default values will be removed in the future.
Consider setting `programs.ssh.enableDefaultConfig` to false,
and manually set the default values you want to keep at
`programs.ssh.settings."*"`.

