fetching git input 'git+file:///data/projects/own/nixos-config-338'
warning: input 'flake-parts' has an override for a non-existent input 'nixpkgs'
trace: warning: `programs.ssh` default values will be removed in the future.
Consider setting `programs.ssh.enableDefaultConfig` to false,
and manually set the default values you want to keep at
`programs.ssh.settings."*"`.

warning: The xorg package set has been deprecated, 'xorg.libX11' has been renamed to 'libx11'
warning: The xorg package set has been deprecated, 'xorg.libX11' has been renamed to 'libx11'
warning: The xorg package set has been deprecated, 'xorg.libXcomposite' has been renamed to 'libxcomposite'
warning: The xorg package set has been deprecated, 'xorg.libXdamage' has been renamed to 'libxdamage'
warning: The xorg package set has been deprecated, 'xorg.libXext' has been renamed to 'libxext'
warning: The xorg package set has been deprecated, 'xorg.libXext' has been renamed to 'libxext'
warning: The xorg package set has been deprecated, 'xorg.libXfixes' has been renamed to 'libxfixes'
warning: The xorg package set has been deprecated, 'xorg.libXrandr' has been renamed to 'libxrandr'
warning: The xorg package set has been deprecated, 'xorg.libxcb' has been renamed to 'libxcb'
warning: The xorg package set has been deprecated, 'xorg.libxcb' has been renamed to 'libxcb'
warning: The xorg package set has been deprecated, 'xorg.libxkbfile' has been renamed to 'libxkbfile'
warning: The xorg package set has been deprecated, 'xorg.libXScrnSaver' has been renamed to 'libxscrnsaver'
warning: input 'flake-parts' has an override for a non-existent input 'nixpkgs'
trace: warning: `programs.ssh` default values will be removed in the future.
Consider setting `programs.ssh.enableDefaultConfig` to false,
and manually set the default values you want to keep at
`programs.ssh.settings."*"`.

